// Jest Snapshot v1, https://goo.gl/fbAQLP

exports[`Component renders correctly 1`] = `
<button
  class="btn toolbox-button btn-primary"
  type="button"
>
  editar
</button>
`;
